// Jest Snapshot v1, https://goo.gl/fbAQLP

exports[`CountTransplants component matches snapshot 1`] = `
<DocumentFragment>
  <div
    class="container"
  >
    <div
      class="MuiFormGroup-root css-1mac7pt-MuiFormGroup-root"
    >
      <label
        class="MuiFormControlLabel-root MuiFormControlLabel-labelPlacementEnd css-19opgx6-MuiFormControlLabel-root"
      >
        <span
          class="MuiButtonBase-root MuiCheckbox-root MuiCheckbox-colorPrimary MuiCheckbox-sizeMedium PrivateSwitchBase-root MuiCheckbox-root MuiCheckbox-colorPrimary MuiCheckbox-sizeMedium MuiCheckbox-root MuiCheckbox-colorPrimary MuiCheckbox-sizeMedium css-imrjgg-MuiButtonBase-root-MuiCheckbox-root"
          data-testid="checkbox-all"
        >
          <input
            class="PrivateSwitchBase-input css-j8yymo"
            data-indeterminate="false"
            name="all"
            type="checkbox"
          />
          <svg
            aria-hidden="true"
            class="MuiSvgIcon-root MuiSvgIcon-fontSizeMedium css-1umw9bq-MuiSvgIcon-root"
            data-testid="CheckBoxOutlineBlankIcon"
            focusable="false"
            viewBox="0 0 24 24"
          >
            <path
              d="M19 5v14H5V5h14m0-2H5c-1.1 0-2 .9-2 2v14c0 1.1.9 2 2 2h14c1.1 0 2-.9 2-2V5c0-1.1-.9-2-2-2z"
            />
          </svg>
        </span>
        <span
          class="MuiTypography-root MuiTypography-body1 MuiFormControlLabel-label css-rizt0-MuiTypography-root"
        >
          Все
        </span>
      </label>
      <label
        class="MuiFormControlLabel-root MuiFormControlLabel-labelPlacementEnd css-19opgx6-MuiFormControlLabel-root"
      >
        <span
          class="MuiButtonBase-root MuiCheckbox-root MuiCheckbox-colorPrimary MuiCheckbox-sizeMedium PrivateSwitchBase-root MuiCheckbox-root MuiCheckbox-colorPrimary MuiCheckbox-sizeMedium MuiCheckbox-root MuiCheckbox-colorPrimary MuiCheckbox-sizeMedium css-imrjgg-MuiButtonBase-root-MuiCheckbox-root"
          data-testid="checkbox-none"
        >
          <input
            class="PrivateSwitchBase-input css-j8yymo"
            data-indeterminate="false"
            name="noneTransplants"
            type="checkbox"
          />
          <svg
            aria-hidden="true"
            class="MuiSvgIcon-root MuiSvgIcon-fontSizeMedium css-1umw9bq-MuiSvgIcon-root"
            data-testid="CheckBoxOutlineBlankIcon"
            focusable="false"
            viewBox="0 0 24 24"
          >
            <path
              d="M19 5v14H5V5h14m0-2H5c-1.1 0-2 .9-2 2v14c0 1.1.9 2 2 2h14c1.1 0 2-.9 2-2V5c0-1.1-.9-2-2-2z"
            />
          </svg>
        </span>
        <span
          class="MuiTypography-root MuiTypography-body1 MuiFormControlLabel-label css-rizt0-MuiTypography-root"
        >
          Без пересадок
        </span>
      </label>
      <label
        class="MuiFormControlLabel-root MuiFormControlLabel-labelPlacementEnd css-19opgx6-MuiFormControlLabel-root"
      >
        <span
          class="MuiButtonBase-root MuiCheckbox-root MuiCheckbox-colorPrimary MuiCheckbox-sizeMedium PrivateSwitchBase-root MuiCheckbox-root MuiCheckbox-colorPrimary MuiCheckbox-sizeMedium MuiCheckbox-root MuiCheckbox-colorPrimary MuiCheckbox-sizeMedium css-imrjgg-MuiButtonBase-root-MuiCheckbox-root"
          data-testid="checkbox-one"
        >
          <input
            class="PrivateSwitchBase-input css-j8yymo"
            data-indeterminate="false"
            name="oneTransplants"
            type="checkbox"
          />
          <svg
            aria-hidden="true"
            class="MuiSvgIcon-root MuiSvgIcon-fontSizeMedium css-1umw9bq-MuiSvgIcon-root"
            data-testid="CheckBoxOutlineBlankIcon"
            focusable="false"
            viewBox="0 0 24 24"
          >
            <path
              d="M19 5v14H5V5h14m0-2H5c-1.1 0-2 .9-2 2v14c0 1.1.9 2 2 2h14c1.1 0 2-.9 2-2V5c0-1.1-.9-2-2-2z"
            />
          </svg>
        </span>
        <span
          class="MuiTypography-root MuiTypography-body1 MuiFormControlLabel-label css-rizt0-MuiTypography-root"
        >
          1 пересадка
        </span>
      </label>
      <label
        class="MuiFormControlLabel-root MuiFormControlLabel-labelPlacementEnd css-19opgx6-MuiFormControlLabel-root"
      >
        <span
          class="MuiButtonBase-root MuiCheckbox-root MuiCheckbox-colorPrimary MuiCheckbox-sizeMedium PrivateSwitchBase-root MuiCheckbox-root MuiCheckbox-colorPrimary MuiCheckbox-sizeMedium MuiCheckbox-root MuiCheckbox-colorPrimary MuiCheckbox-sizeMedium css-imrjgg-MuiButtonBase-root-MuiCheckbox-root"
          data-testid="checkbox-two"
        >
          <input
            class="PrivateSwitchBase-input css-j8yymo"
            data-indeterminate="false"
            name="twoTransplants"
            type="checkbox"
          />
          <svg
            aria-hidden="true"
            class="MuiSvgIcon-root MuiSvgIcon-fontSizeMedium css-1umw9bq-MuiSvgIcon-root"
            data-testid="CheckBoxOutlineBlankIcon"
            focusable="false"
            viewBox="0 0 24 24"
          >
            <path
              d="M19 5v14H5V5h14m0-2H5c-1.1 0-2 .9-2 2v14c0 1.1.9 2 2 2h14c1.1 0 2-.9 2-2V5c0-1.1-.9-2-2-2z"
            />
          </svg>
        </span>
        <span
          class="MuiTypography-root MuiTypography-body1 MuiFormControlLabel-label css-rizt0-MuiTypography-root"
        >
          2 пересадки
        </span>
      </label>
      <label
        class="MuiFormControlLabel-root MuiFormControlLabel-labelPlacementEnd css-19opgx6-MuiFormControlLabel-root"
      >
        <span
          class="MuiButtonBase-root MuiCheckbox-root MuiCheckbox-colorPrimary MuiCheckbox-sizeMedium PrivateSwitchBase-root MuiCheckbox-root MuiCheckbox-colorPrimary MuiCheckbox-sizeMedium MuiCheckbox-root MuiCheckbox-colorPrimary MuiCheckbox-sizeMedium css-imrjgg-MuiButtonBase-root-MuiCheckbox-root"
          data-testid="checkbox-three"
        >
          <input
            class="PrivateSwitchBase-input css-j8yymo"
            data-indeterminate="false"
            name="threeTransplants"
            type="checkbox"
          />
          <svg
            aria-hidden="true"
            class="MuiSvgIcon-root MuiSvgIcon-fontSizeMedium css-1umw9bq-MuiSvgIcon-root"
            data-testid="CheckBoxOutlineBlankIcon"
            focusable="false"
            viewBox="0 0 24 24"
          >
            <path
              d="M19 5v14H5V5h14m0-2H5c-1.1 0-2 .9-2 2v14c0 1.1.9 2 2 2h14c1.1 0 2-.9 2-2V5c0-1.1-.9-2-2-2z"
            />
          </svg>
        </span>
        <span
          class="MuiTypography-root MuiTypography-body1 MuiFormControlLabel-label css-rizt0-MuiTypography-root"
        >
          3 пересадки
        </span>
      </label>
    </div>
  </div>
</DocumentFragment>
`;

exports[`CountTransplants snapshot matches snapshot 1`] = `
<DocumentFragment>
  <div
    class="container"
  >
    <div
      class="MuiFormGroup-root css-1mac7pt-MuiFormGroup-root"
    >
      <label
        class="MuiFormControlLabel-root MuiFormControlLabel-labelPlacementEnd css-19opgx6-MuiFormControlLabel-root"
      >
        <span
          class="MuiButtonBase-root MuiCheckbox-root MuiCheckbox-colorPrimary MuiCheckbox-sizeMedium PrivateSwitchBase-root MuiCheckbox-root MuiCheckbox-colorPrimary MuiCheckbox-sizeMedium MuiCheckbox-root MuiCheckbox-colorPrimary MuiCheckbox-sizeMedium css-imrjgg-MuiButtonBase-root-MuiCheckbox-root"
          data-testid="checkbox-all"
        >
          <input
            class="PrivateSwitchBase-input css-j8yymo"
            data-indeterminate="false"
            name="all"
            type="checkbox"
          />
          <svg
            aria-hidden="true"
            class="MuiSvgIcon-root MuiSvgIcon-fontSizeMedium css-1umw9bq-MuiSvgIcon-root"
            data-testid="CheckBoxOutlineBlankIcon"
            focusable="false"
            viewBox="0 0 24 24"
          >
            <path
              d="M19 5v14H5V5h14m0-2H5c-1.1 0-2 .9-2 2v14c0 1.1.9 2 2 2h14c1.1 0 2-.9 2-2V5c0-1.1-.9-2-2-2z"
            />
          </svg>
        </span>
        <span
          class="MuiTypography-root MuiTypography-body1 MuiFormControlLabel-label css-rizt0-MuiTypography-root"
        >
          Все
        </span>
      </label>
      <label
        class="MuiFormControlLabel-root MuiFormControlLabel-labelPlacementEnd css-19opgx6-MuiFormControlLabel-root"
      >
        <span
          class="MuiButtonBase-root MuiCheckbox-root MuiCheckbox-colorPrimary MuiCheckbox-sizeMedium PrivateSwitchBase-root MuiCheckbox-root MuiCheckbox-colorPrimary MuiCheckbox-sizeMedium MuiCheckbox-root MuiCheckbox-colorPrimary MuiCheckbox-sizeMedium css-imrjgg-MuiButtonBase-root-MuiCheckbox-root"
          data-testid="checkbox-none"
        >
          <input
            class="PrivateSwitchBase-input css-j8yymo"
            data-indeterminate="false"
            name="noneTransplants"
            type="checkbox"
          />
          <svg
            aria-hidden="true"
            class="MuiSvgIcon-root MuiSvgIcon-fontSizeMedium css-1umw9bq-MuiSvgIcon-root"
            data-testid="CheckBoxOutlineBlankIcon"
            focusable="false"
            viewBox="0 0 24 24"
          >
            <path
              d="M19 5v14H5V5h14m0-2H5c-1.1 0-2 .9-2 2v14c0 1.1.9 2 2 2h14c1.1 0 2-.9 2-2V5c0-1.1-.9-2-2-2z"
            />
          </svg>
        </span>
        <span
          class="MuiTypography-root MuiTypography-body1 MuiFormControlLabel-label css-rizt0-MuiTypography-root"
        >
          Без пересадок
        </span>
      </label>
      <label
        class="MuiFormControlLabel-root MuiFormControlLabel-labelPlacementEnd css-19opgx6-MuiFormControlLabel-root"
      >
        <span
          class="MuiButtonBase-root MuiCheckbox-root MuiCheckbox-colorPrimary MuiCheckbox-sizeMedium PrivateSwitchBase-root MuiCheckbox-root MuiCheckbox-colorPrimary MuiCheckbox-sizeMedium MuiCheckbox-root MuiCheckbox-colorPrimary MuiCheckbox-sizeMedium css-imrjgg-MuiButtonBase-root-MuiCheckbox-root"
          data-testid="checkbox-one"
        >
          <input
            class="PrivateSwitchBase-input css-j8yymo"
            data-indeterminate="false"
            name="oneTransplants"
            type="checkbox"
          />
          <svg
            aria-hidden="true"
            class="MuiSvgIcon-root MuiSvgIcon-fontSizeMedium css-1umw9bq-MuiSvgIcon-root"
            data-testid="CheckBoxOutlineBlankIcon"
            focusable="false"
            viewBox="0 0 24 24"
          >
            <path
              d="M19 5v14H5V5h14m0-2H5c-1.1 0-2 .9-2 2v14c0 1.1.9 2 2 2h14c1.1 0 2-.9 2-2V5c0-1.1-.9-2-2-2z"
            />
          </svg>
        </span>
        <span
          class="MuiTypography-root MuiTypography-body1 MuiFormControlLabel-label css-rizt0-MuiTypography-root"
        >
          1 пересадка
        </span>
      </label>
      <label
        class="MuiFormControlLabel-root MuiFormControlLabel-labelPlacementEnd css-19opgx6-MuiFormControlLabel-root"
      >
        <span
          class="MuiButtonBase-root MuiCheckbox-root MuiCheckbox-colorPrimary MuiCheckbox-sizeMedium PrivateSwitchBase-root MuiCheckbox-root MuiCheckbox-colorPrimary MuiCheckbox-sizeMedium MuiCheckbox-root MuiCheckbox-colorPrimary MuiCheckbox-sizeMedium css-imrjgg-MuiButtonBase-root-MuiCheckbox-root"
          data-testid="checkbox-two"
        >
          <input
            class="PrivateSwitchBase-input css-j8yymo"
            data-indeterminate="false"
            name="twoTransplants"
            type="checkbox"
          />
          <svg
            aria-hidden="true"
            class="MuiSvgIcon-root MuiSvgIcon-fontSizeMedium css-1umw9bq-MuiSvgIcon-root"
            data-testid="CheckBoxOutlineBlankIcon"
            focusable="false"
            viewBox="0 0 24 24"
          >
            <path
              d="M19 5v14H5V5h14m0-2H5c-1.1 0-2 .9-2 2v14c0 1.1.9 2 2 2h14c1.1 0 2-.9 2-2V5c0-1.1-.9-2-2-2z"
            />
          </svg>
        </span>
        <span
          class="MuiTypography-root MuiTypography-body1 MuiFormControlLabel-label css-rizt0-MuiTypography-root"
        >
          2 пересадки
        </span>
      </label>
      <label
        class="MuiFormControlLabel-root MuiFormControlLabel-labelPlacementEnd css-19opgx6-MuiFormControlLabel-root"
      >
        <span
          class="MuiButtonBase-root MuiCheckbox-root MuiCheckbox-colorPrimary MuiCheckbox-sizeMedium PrivateSwitchBase-root MuiCheckbox-root MuiCheckbox-colorPrimary MuiCheckbox-sizeMedium MuiCheckbox-root MuiCheckbox-colorPrimary MuiCheckbox-sizeMedium css-imrjgg-MuiButtonBase-root-MuiCheckbox-root"
          data-testid="checkbox-three"
        >
          <input
            class="PrivateSwitchBase-input css-j8yymo"
            data-indeterminate="false"
            name="threeTransplants"
            type="checkbox"
          />
          <svg
            aria-hidden="true"
            class="MuiSvgIcon-root MuiSvgIcon-fontSizeMedium css-1umw9bq-MuiSvgIcon-root"
            data-testid="CheckBoxOutlineBlankIcon"
            focusable="false"
            viewBox="0 0 24 24"
          >
            <path
              d="M19 5v14H5V5h14m0-2H5c-1.1 0-2 .9-2 2v14c0 1.1.9 2 2 2h14c1.1 0 2-.9 2-2V5c0-1.1-.9-2-2-2z"
            />
          </svg>
        </span>
        <span
          class="MuiTypography-root MuiTypography-body1 MuiFormControlLabel-label css-rizt0-MuiTypography-root"
        >
          3 пересадки
        </span>
      </label>
    </div>
  </div>
</DocumentFragment>
`;
