// Jest Snapshot v1, https://goo.gl/fbAQLP

exports[`Home matches snapshot 1`] = `
<DocumentFragment>
  <h1
    data-testid="home"
  >
    Home
  </h1>
</DocumentFragment>
`;
